// Jest Snapshot v1, https://goo.gl/fbAQLP

exports[`Calendario Component deber√≠a mostrar <Calendario/> correctamente  1`] = `
<Fragment>
  <div
    className="contCalendario"
  >
    <ForwardRef(V) />
  </div>
</Fragment>
`;
